C51 COMPILER V9.54   UART                                                                  02/02/2022 19:05:43 PAGE 1   


C51 COMPILER V9.54, COMPILATION OF MODULE UART
OBJECT MODULE PLACED IN ..\Output\uart.obj
COMPILER INVOKED BY: D:\Keil_v5\C51\BIN\C51.EXE ..\Source\uart.c OPTIMIZE(8,SPEED) BROWSE DEBUG OBJECTEXTEND PRINT(..\Li
                    -sting\uart.lst) TABS(2) OBJECT(..\Output\uart.obj)

line level    source

   1          #include "uart.h"
   2          
   3          unsigned char recv_data;
   4          unsigned char recv_flag = 0;
   5          void UartInit(void)   //9600bps@11.0592MHz
   6          {
   7   1        PCON &= 0x7F;   //波特率不倍速
   8   1        SCON = 0x50;    //8位数据,可变波特率  SM0  SM1  SM2  REN  TB8  RB8  TI  RI
   9   1                        //                    0    1    0    1    0    0   0   0
  10   1        TMOD &= 0x0F;   //清除定时器1模式位
  11   1        TMOD |= 0x20;   //设定定时器1为8位自动重装方式
  12   1        TL1 = 0xFD;   //设定定时初值
  13   1        TH1 = 0xFD;   //设定定时器重装值
  14   1        ET1 = 0;    //禁止定时器1中断
  15   1        ES = 1;
  16   1        EA = 1;
  17   1        TR1 = 1;    //启动定时器1
  18   1      }
  19          
  20          void sendByte(unsigned char dat)
  21          {
  22   1        SBUF = dat;
  23   1        while (!TI);
  24   1        TI = 0;
  25   1      }
  26          
  27          void sendString(unsigned char *dat)//Hello World!
  28          {
  29   1        while (*dat != '\0')
  30   1        {
  31   2          sendByte(*dat++);
  32   2        }
  33   1      }
  34          
  35          char putchar(char c)
  36          {
  37   1        sendByte(c);
  38   1        return c;
  39   1      }
  40          
  41          /*****************************************************************
  42          1、中断服务函数一定是一个没有返回值的函数
  43          2、中断服务函数一定是没有参数的函数
  44          3、中断服务函数函数名后跟关键字 interrupt
  45          4、interrupt n 0 - 4  5个中断源  8*n + 0003H
  46          0003H INT0    000BH T0    0013H INT1    001BH T1    0023H ES
  47          5、中断服务函数不能被主程序或其他程序所调用
  48          6、n后面跟using m (0 - 3)工作寄存器组
  49          *****************************************************************/
  50          
  51          void uart_ISR() interrupt 4
  52          {
  53   1        if (RI)
  54   1        {
C51 COMPILER V9.54   UART                                                                  02/02/2022 19:05:43 PAGE 2   

  55   2          RI = 0;
  56   2          recv_data = SBUF;
  57   2          recv_flag = 1;
  58   2      //    recv_data = recv_data + 1;
  59   2      //    SBUF = recv_data;
  60   2        }
  61   1        if (TI)
  62   1        {
  63   2          TI = 0;
  64   2        }
  65   1      }


MODULE INFORMATION:   STATIC OVERLAYABLE
   CODE SIZE        =     95    ----
   CONSTANT SIZE    =   ----    ----
   XDATA SIZE       =   ----    ----
   PDATA SIZE       =   ----    ----
   DATA SIZE        =      2       3
   IDATA SIZE       =   ----    ----
   BIT SIZE         =   ----    ----
END OF MODULE INFORMATION.


C51 COMPILATION COMPLETE.  0 WARNING(S),  0 ERROR(S)
