C51 COMPILER V9.54   MAIN                                                                  02/02/2022 22:04:56 PAGE 1   


C51 COMPILER V9.54, COMPILATION OF MODULE MAIN
OBJECT MODULE PLACED IN ..\Output\main.obj
COMPILER INVOKED BY: D:\Keil_v5\C51\BIN\C51.EXE ..\Source\main.c OPTIMIZE(8,SPEED) BROWSE DEBUG OBJECTEXTEND PRINT(..\Li
                    -sting\main.lst) TABS(2) OBJECT(..\Output\main.obj)

line level    source

   1          #include <reg51.h>
   2          #include "delay.h"
   3          #include "uart.h"
   4          
   5          void UartInit(void);
   6          
   7          void main()
   8          {
   9   1        unsigned char i;
  10   1        UartInit();
  11   1        printf("Wait for Serial Communication Test Start.\r\n");
  12   1        printf("Please Send a String of Data:\r\n");
  13   1        while (1)
  14   1        {
  15   2          if (1 == recv_flag)
  16   2          {
  17   3            recv_flag = 0;
  18   3            for (i = 0; i < recv_length; i++)
  19   3            {
  20   4              sendByte(recv_buf[i]);
  21   4            }
  22   3          }
  23   2        }
  24   1      }


MODULE INFORMATION:   STATIC OVERLAYABLE
   CODE SIZE        =     52    ----
   CONSTANT SIZE    =     76    ----
   XDATA SIZE       =   ----    ----
   PDATA SIZE       =   ----    ----
   DATA SIZE        =   ----       1
   IDATA SIZE       =   ----    ----
   BIT SIZE         =   ----    ----
END OF MODULE INFORMATION.


C51 COMPILATION COMPLETE.  0 WARNING(S),  0 ERROR(S)
