C51 COMPILER V9.54   MAIN                                                                  01/24/2022 21:51:27 PAGE 1   


C51 COMPILER V9.54, COMPILATION OF MODULE MAIN
OBJECT MODULE PLACED IN ..\Output\main.obj
COMPILER INVOKED BY: D:\Keil_v5\C51\BIN\C51.EXE ..\Source\main.c OPTIMIZE(8,SPEED) BROWSE DEBUG OBJECTEXTEND PRINT(..\Li
                    -sting\main.lst) TABS(2) OBJECT(..\Output\main.obj)

line level    source

   1          #include <reg51.h>
   2          #include "display.h"
   3          
   4          void Timer0Init(void);
   5          void EX0_Init();
   6          void EX1_Init();
   7          void display_Service();
   8          
   9          unsigned int numCnt = 0;//参数
  10          unsigned char temp0;//用于显示的中间变量
  11          unsigned char temp1;
  12          unsigned char temp2;
  13          unsigned char temp3;
  14          
  15          void main()
  16          {
  17   1        EX0_Init();
  18   1        EX1_Init();
  19   1        Timer0Init();
  20   1        EA = 1;//中断总开关
  21   1        while (1)
  22   1        {
  23   2          display_Service();
  24   2        }
  25   1      }
  26          
  27          void display_Service()
  28          {
  29   1        temp0 = numCnt / 1000;
  30   1        temp1 = numCnt / 100 % 10;
  31   1        temp2 = numCnt / 10 % 10;
  32   1        temp3 = numCnt % 10;
  33   1        if (numCnt < 1000)
  34   1          LEDBuf[0] = 23;
  35   1        else
  36   1          LEDBuf[0] = temp0;
  37   1        if (numCnt < 100)
  38   1          LEDBuf[1] = 23;
  39   1        else
  40   1          LEDBuf[1] = temp1;
  41   1        if (numCnt < 10)
  42   1          LEDBuf[2] = 23;
  43   1        else
  44   1          LEDBuf[2] = temp2;
  45   1        LEDBuf[3] = temp3;
  46   1      }
  47          void EX0_Init()
  48          {
  49   1        IT0 = 1;//触发方式  下降沿
  50   1        EX0 = 1;
  51   1      }
  52          
  53          void EX1_Init()
  54          {
C51 COMPILER V9.54   MAIN                                                                  01/24/2022 21:51:27 PAGE 2   

  55   1        IT1 = 1;//触发方式  下降沿
  56   1        EX1 = 1;
  57   1      }
  58          
  59          void Timer0Init(void)   //1毫秒@12.000MHz
  60          {
  61   1        TMOD &= 0xF0;   //设置定时器模式
  62   1        TMOD |= 0x01;   //设置定时器模式
  63   1        TL0 = 0x18;   //设置定时初值
  64   1        TH0 = 0xFC;   //设置定时初值
  65   1        TF0 = 0;    //清除TF0标志
  66   1        ET0 = 1;    //定时器0的终端开关
  67   1      //  EA = 1;   //中断总开关
  68   1        TR0 = 1;    //定时器0开始计时
  69   1      }
  70          
  71          /*****************************************************************
  72          1、中断服务函数一定是一个没有返回值的函数
  73          2、中断服务函数一定是没有参数的函数
  74          3、中断服务函数函数名后跟关键字 interrupt
  75          4、interrupt n 0 - 4  5个中断源  8*n + 0003H
  76          0003H INT0    000BH T0    0013H INT1    001BH T1    0023H ES
  77          5、中断服务函数不能被主程序或其他程序所调用
  78          6、n后面跟using m (0 - 3)工作寄存器组
  79          *****************************************************************/
  80          void timer0_ISR(void) interrupt 1
  81          {
  82   1        TR0 = 0;
  83   1        Display();
  84   1        TL0 = 0x18;   //设置定时初值
  85   1        TH0 = 0xFC;   //设置定时初值
  86   1        TR0 = 1;
  87   1      }
  88          
  89          void EX0_ISR(void) interrupt 0
  90          {
  91   1        EX0 = 0;
  92   1        numCnt++;
  93   1        if (numCnt > 9999)
  94   1        {
  95   2          numCnt = 0;
  96   2        }
  97   1        EX0 = 1;
  98   1      }
  99          
 100          void EX1_ISR(void) interrupt 2
 101          {
 102   1        EX0 = 0;
 103   1        numCnt--;
 104   1        if (numCnt > 9999)
 105   1        {
 106   2          numCnt = 9999;
 107   2        }
 108   1        EX0 = 1;
 109   1      }


MODULE INFORMATION:   STATIC OVERLAYABLE
   CODE SIZE        =    315    ----
   CONSTANT SIZE    =   ----    ----
   XDATA SIZE       =   ----    ----
   PDATA SIZE       =   ----    ----
C51 COMPILER V9.54   MAIN                                                                  01/24/2022 21:51:27 PAGE 3   

   DATA SIZE        =      6    ----
   IDATA SIZE       =   ----    ----
   BIT SIZE         =   ----    ----
END OF MODULE INFORMATION.


C51 COMPILATION COMPLETE.  0 WARNING(S),  0 ERROR(S)
