C51 COMPILER V9.54   ULTRASOUND                                                            03/30/2022 21:47:22 PAGE 1   


C51 COMPILER V9.54, COMPILATION OF MODULE ULTRASOUND
OBJECT MODULE PLACED IN ..\Output\ultrasound.obj
COMPILER INVOKED BY: D:\Keil_v5\C51\BIN\C51.EXE ..\Source\ultrasound.c OPTIMIZE(8,SPEED) BROWSE DEBUG OBJECTEXTEND PRINT
                    -(..\Listing\ultrasound.lst) TABS(2) OBJECT(..\Output\ultrasound.obj)

line level    source

   1          #include "ultrasound.h"
   2          #include <intrins.h>
   3          #include <stdio.h>
   4          
   5          void Timer0Init(void)   //11.0592MHz
   6          {
   7   1        TMOD &= 0xF0;   //设置定时器模式
   8   1        TMOD |= 0x09;   //方式一    Gate置1 测脉宽    P3.2引脚  INT0脚
   9   1        TL0 = 0;    //设置定时初值
  10   1        TH0 = 0;    //设置定时初值
  11   1        TF0 = 0;    //清除TF0标志
  12   1        TR0 = 1;    //定时器0并不会开始启动，启动由P3.2出现高电平才开始真正的启动
  13   1      }
  14          
  15          void ultra_init(void)
  16          {
  17   1        Trig_P17 = 0;
  18   1        Echo_P32 = 0;
  19   1        Timer0Init();
  20   1      }
  21          
  22          int get_distance(void)
  23          {
  24   1        unsigned char i;
  25   1        unsigned char timeH, timeL;
  26   1        unsigned int time;
  27   1        unsigned int distance;
  28   1        unsigned int t;
  29   1        
  30   1        Trig_P17 = 1;
  31   1        for (i = 0; i < 10; i++)
  32   1        {
  33   2          _nop_();
  34   2        }
  35   1        Trig_P17 = 0;
  36   1        
  37   1        Echo_P32 = 1;
  38   1        while(!Echo_P32)//等待低电平结束
  39   1        {
  40   2          t++;
  41   2          _nop_();
  42   2          if (t > 10000)//超时处理，防止硬件出错，进入死循环
  43   2          {
  44   3            printf("1\r\n");
  45   3            return -1;//出错
  46   3          }
  47   2        }
  48   1        t = 0;
  49   1        while(Echo_P32)//等待高电平结束
  50   1        {
  51   2          t++;
  52   2          _nop_();
  53   2          if (t > 20000)//超时处理，防止硬件出错，进入死循环
  54   2          {
C51 COMPILER V9.54   ULTRASOUND                                                            03/30/2022 21:47:22 PAGE 2   

  55   3            printf("2\r\n");
  56   3            return -2;//出错
  57   3          }
  58   2        }
  59   1        timeH = TH0;//取高电平的计时时间
  60   1        timeL = TL0;
  61   1        TH0 = 0;//重置初值
  62   1        TL0 = 0;
  63   1        
  64   1        time = timeH * 256 + timeL;
  65   1        if (time > 12000)
  66   1        {
  67   2          printf("3\r\n");
  68   2          return -3;
  69   2        }
  70   1        distance = time * 1.7 / 100;// dis = t * 340m/s /2 = t * 170m/s = t * 17000 cm/10^6us
  71   1        
  72   1        return distance;
  73   1      }


MODULE INFORMATION:   STATIC OVERLAYABLE
   CODE SIZE        =    190    ----
   CONSTANT SIZE    =     12    ----
   XDATA SIZE       =   ----    ----
   PDATA SIZE       =   ----    ----
   DATA SIZE        =   ----       4
   IDATA SIZE       =   ----    ----
   BIT SIZE         =   ----    ----
END OF MODULE INFORMATION.


C51 COMPILATION COMPLETE.  0 WARNING(S),  0 ERROR(S)
